=== find output ===
/home/runner/work/arabic-internet-card-accounting/arabic-internet-card-accounting/.git/hooks/pre-merge-commit.sample
/home/runner/work/arabic-internet-card-accounting/arabic-internet-card-accounting/.git/hooks/push-to-checkout.sample
/home/runner/work/arabic-internet-card-accounting/arabic-internet-card-accounting/.git/hooks/applypatch-msg.sample
/home/runner/work/arabic-internet-card-accounting/arabic-internet-card-accounting/.git/hooks/pre-push.sample
/home/runner/work/arabic-internet-card-accounting/arabic-internet-card-accounting/.git/hooks/pre-commit.sample
/home/runner/work/arabic-internet-card-accounting/arabic-internet-card-accounting/.git/hooks/pre-applypatch.sample
/home/runner/work/arabic-internet-card-accounting/arabic-internet-card-accounting/.git/hooks/pre-receive.sample
/home/runner/work/arabic-internet-card-accounting/arabic-internet-card-accounting/.git/hooks/post-update.sample
/home/runner/work/arabic-internet-card-accounting/arabic-internet-card-accounting/.git/hooks/fsmonitor-watchman.sample
/home/runner/work/arabic-internet-card-accounting/arabic-internet-card-accounting/.git/hooks/sendemail-validate.sample
/home/runner/work/arabic-internet-card-accounting/arabic-internet-card-accounting/.git/hooks/update.sample
/home/runner/work/arabic-internet-card-accounting/arabic-internet-card-accounting/.git/hooks/commit-msg.sample
/home/runner/work/arabic-internet-card-accounting/arabic-internet-card-accounting/.git/hooks/prepare-commit-msg.sample
/home/runner/work/arabic-internet-card-accounting/arabic-internet-card-accounting/.git/hooks/pre-rebase.sample
/home/runner/work/arabic-internet-card-accounting/arabic-internet-card-accounting/.git/logs/HEAD
/home/runner/work/arabic-internet-card-accounting/arabic-internet-card-accounting/.git/logs/refs/heads/main
/home/runner/work/arabic-internet-card-accounting/arabic-internet-card-accounting/.git/logs/refs/remotes/origin/main
/home/runner/work/arabic-internet-card-accounting/arabic-internet-card-accounting/.git/info/exclude
/home/runner/work/arabic-internet-card-accounting/arabic-internet-card-accounting/.git/index
/home/runner/work/arabic-internet-card-accounting/arabic-internet-card-accounting/.git/HEAD
/home/runner/work/arabic-internet-card-accounting/arabic-internet-card-accounting/.git/config
/home/runner/work/arabic-internet-card-accounting/arabic-internet-card-accounting/.git/config.worktree
/home/runner/work/arabic-internet-card-accounting/arabic-internet-card-accounting/.git/FETCH_HEAD
/home/runner/work/arabic-internet-card-accounting/arabic-internet-card-accounting/.git/shallow
/home/runner/work/arabic-internet-card-accounting/arabic-internet-card-accounting/.git/description
/home/runner/work/arabic-internet-card-accounting/arabic-internet-card-accounting/.git/refs/heads/main
/home/runner/work/arabic-internet-card-accounting/arabic-internet-card-accounting/.git/refs/remotes/origin/main
/home/runner/work/arabic-internet-card-accounting/arabic-internet-card-accounting/.git/objects/pack/pack-2eae30ca0b127da230265a8350455e249f63626c.idx
/home/runner/work/arabic-internet-card-accounting/arabic-internet-card-accounting/.git/objects/pack/pack-2eae30ca0b127da230265a8350455e249f63626c.rev
/home/runner/work/arabic-internet-card-accounting/arabic-internet-card-accounting/.git/objects/pack/pack-2eae30ca0b127da230265a8350455e249f63626c.pack
/home/runner/work/arabic-internet-card-accounting/arabic-internet-card-accounting/twa-manifest.json
/home/runner/work/arabic-internet-card-accounting/arabic-internet-card-accounting/.env.example
/home/runner/work/arabic-internet-card-accounting/arabic-internet-card-accounting/next.config.ts
/home/runner/work/arabic-internet-card-accounting/arabic-internet-card-accounting/build-output.log
/home/runner/work/arabic-internet-card-accounting/arabic-internet-card-accounting/drizzle.config.ts
/home/runner/work/arabic-internet-card-accounting/arabic-internet-card-accounting/package.json
/home/runner/work/arabic-internet-card-accounting/arabic-internet-card-accounting/package-lock.json
/home/runner/work/arabic-internet-card-accounting/arabic-internet-card-accounting/android.keystore
/home/runner/work/arabic-internet-card-accounting/arabic-internet-card-accounting/eslint.config.mjs
/home/runner/work/arabic-internet-card-accounting/arabic-internet-card-accounting/scripts/cleanup-legacy-roles.js
/home/runner/work/arabic-internet-card-accounting/arabic-internet-card-accounting/.gitignore
/home/runner/work/arabic-internet-card-accounting/arabic-internet-card-accounting/public/manifest.json
/home/runner/work/arabic-internet-card-accounting/arabic-internet-card-accounting/public/icon-512.png
/home/runner/work/arabic-internet-card-accounting/arabic-internet-card-accounting/public/.well-known/assetlinks.json
/home/runner/work/arabic-internet-card-accounting/arabic-internet-card-accounting/README.md
/home/runner/work/arabic-internet-card-accounting/arabic-internet-card-accounting/src/contexts/AuthContext.tsx
/home/runner/work/arabic-internet-card-accounting/arabic-internet-card-accounting/src/lib/audit.ts
/home/runner/work/arabic-internet-card-accounting/arabic-internet-card-accounting/src/lib/auth.ts
/home/runner/work/arabic-internet-card-accounting/arabic-internet-card-accounting/src/lib/approvalExecutor.ts
/home/runner/work/arabic-internet-card-accounting/arabic-internet-card-accounting/src/lib/accounting.ts
/home/runner/work/arabic-internet-card-accounting/arabic-internet-card-accounting/src/lib/approvals.ts
/home/runner/work/arabic-internet-card-accounting/arabic-internet-card-accounting/src/lib/seed.ts
/home/runner/work/arabic-internet-card-accounting/arabic-internet-card-accounting/src/lib/utils.ts
/home/runner/work/arabic-internet-card-accounting/arabic-internet-card-accounting/src/app/page.tsx
/home/runner/work/arabic-internet-card-accounting/arabic-internet-card-accounting/src/app/client-providers.tsx
/home/runner/work/arabic-internet-card-accounting/arabic-internet-card-accounting/src/app/login/page.tsx
/home/runner/work/arabic-internet-card-accounting/arabic-internet-card-accounting/src/app/api/purchases/route.ts
/home/runner/work/arabic-internet-card-accounting/arabic-internet-card-accounting/src/app/api/expenses/route.ts
/home/runner/work/arabic-internet-card-accounting/arabic-internet-card-accounting/src/app/api/partners/route.ts
/home/runner/work/arabic-internet-card-accounting/arabic-internet-card-accounting/src/app/api/partners/[id]/route.ts
/home/runner/work/arabic-internet-card-accounting/arabic-internet-card-accounting/src/app/api/treasury/route.ts
/home/runner/work/arabic-internet-card-accounting/arabic-internet-card-accounting/src/app/api/cards/route.ts
/home/runner/work/arabic-internet-card-accounting/arabic-internet-card-accounting/src/app/api/cards/[id]/route.ts
/home/runner/work/arabic-internet-card-accounting/arabic-internet-card-accounting/src/app/api/dashboard/route.ts
/home/runner/work/arabic-internet-card-accounting/arabic-internet-card-accounting/src/app/api/reports/profit-loss/route.ts
/home/runner/work/arabic-internet-card-accounting/arabic-internet-card-accounting/src/app/api/audit-log/route.ts
/home/runner/work/arabic-internet-card-accounting/arabic-internet-card-accounting/src/app/api/health/route.ts
/home/runner/work/arabic-internet-card-accounting/arabic-internet-card-accounting/src/app/api/payments/route.ts
/home/runner/work/arabic-internet-card-accounting/arabic-internet-card-accounting/src/app/api/auth/me/route.ts
/home/runner/work/arabic-internet-card-accounting/arabic-internet-card-accounting/src/app/api/auth/logout/route.ts
/home/runner/work/arabic-internet-card-accounting/arabic-internet-card-accounting/src/app/api/auth/login/route.ts
/home/runner/work/arabic-internet-card-accounting/arabic-internet-card-accounting/src/app/api/auth/change-password/route.ts
/home/runner/work/arabic-internet-card-accounting/arabic-internet-card-accounting/src/app/api/customers/route.ts
/home/runner/work/arabic-internet-card-accounting/arabic-internet-card-accounting/src/app/api/customers/[id]/route.ts
/home/runner/work/arabic-internet-card-accounting/arabic-internet-card-accounting/src/app/api/accounts/route.ts
/home/runner/work/arabic-internet-card-accounting/arabic-internet-card-accounting/src/app/api/journal/route.ts
/home/runner/work/arabic-internet-card-accounting/arabic-internet-card-accounting/src/app/api/journal/[id]/route.ts
/home/runner/work/arabic-internet-card-accounting/arabic-internet-card-accounting/src/app/api/sales/route.ts
/home/runner/work/arabic-internet-card-accounting/arabic-internet-card-accounting/src/app/api/sales/[id]/route.ts
/home/runner/work/arabic-internet-card-accounting/arabic-internet-card-accounting/src/app/api/suppliers/route.ts
/home/runner/work/arabic-internet-card-accounting/arabic-internet-card-accounting/src/app/api/suppliers/[id]/route.ts
/home/runner/work/arabic-internet-card-accounting/arabic-internet-card-accounting/src/app/api/approvals/route.ts
/home/runner/work/arabic-internet-card-accounting/arabic-internet-card-accounting/src/app/globals.css
/home/runner/work/arabic-internet-card-accounting/arabic-internet-card-accounting/src/app/(app)/purchases/page.tsx
/home/runner/work/arabic-internet-card-accounting/arabic-internet-card-accounting/src/app/(app)/expenses/page.tsx
/home/runner/work/arabic-internet-card-accounting/arabic-internet-card-accounting/src/app/(app)/partners/page.tsx
/home/runner/work/arabic-internet-card-accounting/arabic-internet-card-accounting/src/app/(app)/cards/page.tsx
/home/runner/work/arabic-internet-card-accounting/arabic-internet-card-accounting/src/app/(app)/dashboard/page.tsx
/home/runner/work/arabic-internet-card-accounting/arabic-internet-card-accounting/src/app/(app)/reports/page.tsx
/home/runner/work/arabic-internet-card-accounting/arabic-internet-card-accounting/src/app/(app)/audit-log/page.tsx
/home/runner/work/arabic-internet-card-accounting/arabic-internet-card-accounting/src/app/(app)/change-password/page.tsx
/home/runner/work/arabic-internet-card-accounting/arabic-internet-card-accounting/src/app/(app)/payments/page.tsx
/home/runner/work/arabic-internet-card-accounting/arabic-internet-card-accounting/src/app/(app)/customers/page.tsx
/home/runner/work/arabic-internet-card-accounting/arabic-internet-card-accounting/src/app/(app)/accounts/page.tsx
/home/runner/work/arabic-internet-card-accounting/arabic-internet-card-accounting/src/app/(app)/journal/page.tsx
/home/runner/work/arabic-internet-card-accounting/arabic-internet-card-accounting/src/app/(app)/sales/page.tsx
/home/runner/work/arabic-internet-card-accounting/arabic-internet-card-accounting/src/app/(app)/suppliers/page.tsx
/home/runner/work/arabic-internet-card-accounting/arabic-internet-card-accounting/src/app/(app)/approvals/page.tsx
/home/runner/work/arabic-internet-card-accounting/arabic-internet-card-accounting/src/app/(app)/layout.tsx
/home/runner/work/arabic-internet-card-accounting/arabic-internet-card-accounting/src/app/layout.tsx
/home/runner/work/arabic-internet-card-accounting/arabic-internet-card-accounting/src/db/index.ts
/home/runner/work/arabic-internet-card-accounting/arabic-internet-card-accounting/src/db/schema.ts
/home/runner/work/arabic-internet-card-accounting/arabic-internet-card-accounting/src/components/DeleteReasonModal.tsx
/home/runner/work/arabic-internet-card-accounting/arabic-internet-card-accounting/src/components/AppLayout.tsx
/home/runner/work/arabic-internet-card-accounting/arabic-internet-card-accounting/src/components/Modal.tsx
/home/runner/work/arabic-internet-card-accounting/arabic-internet-card-accounting/src/components/Sidebar.tsx
/home/runner/work/arabic-internet-card-accounting/arabic-internet-card-accounting/postcss.config.mjs
/home/runner/work/arabic-internet-card-accounting/arabic-internet-card-accounting/find-output.log
/home/runner/work/arabic-internet-card-accounting/arabic-internet-card-accounting/tsconfig.json
/home/runner/work/arabic-internet-card-accounting/arabic-internet-card-accounting/.github/workflows/build-apk.yml
=== build output tail ===
,-----.        ,--.  ,--.  ,--.
|  |) /_,--.,--|  |-.|  |-.|  |,---.,--.   ,--,--.--.,--,--.,---.
|  .-.  |  ||  | .-. | .-. |  | .-. |  |.'.|  |  .--' ,-.  | .-. |
|  '--' '  ''  | `-' | `-' |  \   --|   .'.   |  |  \ '-'  | '-' '
`------' `----' `---' `---'`--'`----'--'   '--`--'   `--`--|  |-'
                                                           `--'    
? Do you want Bubblewrap to install the JDK (recommended)?
  (Enter "No" to use your own JDK 17 installation) (Y/n) [57D[57C[2K[1A[2K[G? Do you want Bubblewrap to install the JDK (recommended)?
  (Enter "No" to use your own JDK 17 installation) (Y/n) A[58D[58C[2K[1A[2K[G? Do you want Bubblewrap to install the JDK (recommended)?
  (Enter "No" to use your own JDK 17 installation) (Y/n) Ar[59D[59C[2K[1A[2K[G? Do you want Bubblewrap to install the JDK (recommended)?
  (Enter "No" to use your own JDK 17 installation) (Y/n) Ara[60D[60C[2K[1A[2K[G? Do you want Bubblewrap to install the JDK (recommended)?
  (Enter "No" to use your own JDK 17 installation) (Y/n) Arab[61D[61C[2K[1A[2K[G? Do you want Bubblewrap to install the JDK (recommended)?
  (Enter "No" to use your own JDK 17 installation) (Y/n) Arabi[62D[62C[2K[1A[2K[G? Do you want Bubblewrap to install the JDK (recommended)?
  (Enter "No" to use your own JDK 17 installation) (Y/n) Arabic[63D[63C[2K[1A[2K[G? Do you want Bubblewrap to install the JDK (recommended)?
  (Enter "No" to use your own JDK 17 installation) (Y/n) ArabicA[64D[64C[2K[1A[2K[G? Do you want Bubblewrap to install the JDK (recommended)?
  (Enter "No" to use your own JDK 17 installation) (Y/n) ArabicAc[65D[65C[2K[1A[2K[G? Do you want Bubblewrap to install the JDK (recommended)?
  (Enter "No" to use your own JDK 17 installation) (Y/n) ArabicAcc[66D[66C[2K[1A[2K[G? Do you want Bubblewrap to install the JDK (recommended)?
  (Enter "No" to use your own JDK 17 installation) (Y/n) ArabicAcc2[67D[67C[2K[1A[2K[G? Do you want Bubblewrap to install the JDK (recommended)?
  (Enter "No" to use your own JDK 17 installation) (Y/n) ArabicAcc20[68D[68C[2K[1A[2K[G? Do you want Bubblewrap to install the JDK (recommended)?
  (Enter "No" to use your own JDK 17 installation) (Y/n) ArabicAcc202[69D[69C[2K[1A[2K[G? Do you want Bubblewrap to install the JDK (recommended)?
  (Enter "No" to use your own JDK 17 installation) (Y/n) ArabicAcc2026[70D[70C[2K[1A[2K[G? Do you want Bubblewrap to install the JDK (recommended)?
  (Enter "No" to use your own JDK 17 installation) (Y/n) ArabicAcc2026S[71D[71C[2K[1A[2K[G? Do you want Bubblewrap to install the JDK (recommended)?
  (Enter "No" to use your own JDK 17 installation) (Y/n) ArabicAcc2026Se[72D[72C[2K[1A[2K[G? Do you want Bubblewrap to install the JDK (recommended)?
  (Enter "No" to use your own JDK 17 installation) (Y/n) ArabicAcc2026Sec[73D[73C[2K[1A[2K[G? Do you want Bubblewrap to install the JDK (recommended)?
  (Enter "No" to use your own JDK 17 installation) (Y/n) ArabicAcc2026Secu[74D[74C[2K[1A[2K[G? Do you want Bubblewrap to install the JDK (recommended)?
  (Enter "No" to use your own JDK 17 installation) (Y/n) ArabicAcc2026Secur[75D[75C[2K[1A[2K[G? Do you want Bubblewrap to install the JDK (recommended)?
  (Enter "No" to use your own JDK 17 installation) (Y/n) ArabicAcc2026Secure[76D[76C[2K[1A[2K[G? Do you want Bubblewrap to install the JDK (recommended)?
  (Enter "No" to use your own JDK 17 installation) No[53D[53C
ArabicAcc2026Secure
? Path to your existing JDK 17: [32D[32C